// Jest Snapshot v1, https://goo.gl/fbAQLP

exports[`NavItem: simple render test 1`] = `
<li
  className="navItem"
>
  <a
    active={true}
    className="navItemAnchor"
    href="#"
    target="_blank"
  >
    <span
      className="typography navItemLabel buttonMD"
    >
      baixe o app Ahazou
    </span>
  </a>
</li>
`;
