// Jest Snapshot v1, https://goo.gl/fbAQLP

exports[`NavItem: simple render test 1`] = `
<li
  className="navItem"
>
  <a
    className="navItemAnchor"
    href="#"
    onClick={null}
    target="_blank"
  >
    <span
      className="navItemIcon container m"
      dangerouslySetInnerHTML={
        Object {
          "__html": "<svg width='32' height='32'  viewBox='0 0 32 32'><path  fill-rule='evenodd' d='M9.957 15.543c-.39-.39-1.024-.39-1.414 0-.39.39-.39 1.024 0 1.414l7 7c.39.39 1.024.39 1.414 0l7-7c.39-.39.39-1.024 0-1.414-.39-.39-1.024-.39-1.414 0l-5.293 5.293V8.75c0-.552-.448-1-1-1s-1 .448-1 1v12.086l-5.293-5.293z' clip-rule='evenodd'/></svg>",
        }
      }
      onClick={null}
    />
    <span
      className="typography navItemLabel navItemActive buttonM"
    >
      baixe o app Ahazou
    </span>
  </a>
</li>
`;
