// Jest Snapshot v1, https://goo.gl/fbAQLP

exports[`NavIcon: simple render test 1`] = `
<div
  className="container"
>
  <button
    className="icon"
    closeIcon={false}
    onClick={[Function]}
  >
    <span
      className="iconSpan"
    />
    <span
      className="iconSpan"
    />
    <span
      className="iconSpan"
    />
    <span
      className="iconSpan"
    />
  </button>
</div>
`;
